     1                                  extern printf
     2                                  section .data
     3 00000000 48656C6C6F2C20576F-     	msg 	db "Hello, World!", 0
     3 00000009 726C642100         
     4 0000000E 546869732069732073-     	fmtstr  db "This is string: %s", 10, 0	; format printf
     4 00000017 7472696E673A202573-
     4 00000020 0A00               
     5                                  section .bss
     6                                  section .text
     7                                  	global main
     8                                  main:
     9 00000000 55                      	push rbp
    10 00000001 4889E5                  	mov rbp, rsp
    11 00000004 48BF-                   	mov rdi, fmtstr	; pierwszy argument printf
    11 00000006 [0E00000000000000] 
    12 0000000E 48BE-                   	mov rsi, msg	; drugi argument printf
    12 00000010 [0000000000000000] 
    13 00000018 B800000000              	mov rax, 0	; nie uzywamy zadnych rejestrow xmm
    14 0000001D E8(00000000)            	call printf
    15 00000022 4889EC                  	mov rsp, rbp
    16 00000025 5D                      	pop rbp
    17 00000026 B83C000000              	mov rax, 60	; 60 = wyjscie
    18 0000002B BF00000000              	mov rdi, 0	; 0 = wysciowy kod syganaluzujacy sukces
    19 00000030 0F05                    	syscall
